%!Adobe-FontList 1.22
%Locale:0x404

%BeginFont
Handler:DirectoryHandler
FontType:Invalid
OutlineFileName:C:\Users\leyan\Desktop\淳康牙醫\Font\fontello.eot
FileModTime:1584572302
%EndFont

%BeginFont
Handler:DirectoryHandler
FontType:Invalid
OutlineFileName:C:\Users\leyan\Desktop\淳康牙醫\Font\fontello.svg
FileModTime:1584572302
%EndFont

%BeginFont
Handler:DirectoryHandler
FontType:TrueType
FontName:fontello
FamilyName:fontello
StyleName:Regular
FullName:fontello
MenuName:fontello
StyleBits:0
WritingScript:Roman
OutlineFileName:C:\Users\leyan\Desktop\淳康牙醫\Font\fontello.ttf
DataFormat:sfntData
hasSVG:no
VariableFontType:NonVariableFont
FileLength:23016
FileModTime:1584572302
WeightClass:400
WidthClass:5
AngleClass:0
NameArray:0,Mac,4,fontello
NameArray:0,Win,1,fontello
%EndFont

%BeginFont
Handler:DirectoryHandler
FontType:Invalid
OutlineFileName:C:\Users\leyan\Desktop\淳康牙醫\Font\fontello.woff
FileModTime:1584572302
%EndFont

%BeginFont
Handler:DirectoryHandler
FontType:Invalid
OutlineFileName:C:\Users\leyan\Desktop\淳康牙醫\Font\fontello.woff2
FileModTime:1584572302
%EndFont

